// Jest Snapshot v1, https://goo.gl/fbAQLP

exports[`Component: Votes should match its snapshot with required props 1`] = `
<div
  className="votes"
>
  <RoundButton
    backgroundImage="down_arrow.svg"
    className="upvote"
    size={30}
    type="secondary"
  >
    Up Vote
  </RoundButton>
  <span
    style={
      Object {
        "fontSize": 15,
      }
    }
  >
    2
  </span>
  <RoundButton
    backgroundImage="down_arrow.svg"
    className="downvote"
    size={30}
    type="secondary"
  >
    Down Vote
  </RoundButton>
</div>
`;
