// Jest Snapshot v1, https://goo.gl/fbAQLP

exports[`Component: CommentsList should match its snapshot with required props 1`] = `
<div
  className="comments-list"
>
  <span>
    Comments
  </span>
  <div>
    <Comment
      comment={
        Object {
          "author": "thingtwo",
          "body": "Hi there! I am a COMMENT.",
          "deleted": false,
          "id": "894tuq4ut84ut8v4t8wun89g",
          "parentDeleted": false,
          "parentId": "8xf0y6ziyjabvozdd253nd",
          "timestamp": 1468166872634,
          "voteScore": 6,
        }
      }
      key="894tuq4ut84ut8v4t8wun89g"
    />
    <Comment
      comment={
        Object {
          "author": "thingone",
          "body": "Comments. Are. Cool.",
          "deleted": false,
          "id": "8tu4bsun805n8un48ve89",
          "parentDeleted": false,
          "parentId": "8xf0y6ziyjabvozdd253nd",
          "timestamp": 1469479767190,
          "voteScore": -5,
        }
      }
      key="8tu4bsun805n8un48ve89"
    />
  </div>
</div>
`;
