// Jest Snapshot v1, https://goo.gl/fbAQLP

exports[`Component: Comment should match its snapshot with required props 1`] = `
<div
  className="comment"
>
  <Votes
    size={20}
    votes={6}
  />
  <div
    className="comment-content"
  >
    <span
      className="comment-body"
    >
      Hi there! I am a COMMENT.
    </span>
    <span
      className="comment-author"
    >
      thingtwo
    </span>
    <Timestamp
      className="comment-timestamp"
      component="span"
      format="full"
      includeDay={false}
      precision={1}
      since={null}
      style={Object {}}
      time={1468166872.634}
      until={null}
      utc={true}
    />
  </div>
</div>
`;
