// Jest Snapshot v1, https://goo.gl/fbAQLP

exports[`Component: CategoriesList should match its snapshot with required props 1`] = `
<div
  className="categories-list"
>
  <div
    className="category"
  >
    All
  </div>
  <Category
    isSelected={true}
    name="React"
  />
  <Category
    name="Redux"
  />
  <Category
    name="Udacity"
  />
  <div
    className="category"
  >
    + Add Category
  </div>
</div>
`;
